Statement: MERGE (n:Thing {prefUUID: $prefUUID})
								set n=$allprops
								set n :,
Paremeters: {
  "allprops": {
    "aggregateHash": "",
    "prefUUID": ""
  },
  "prefUUID": ""
}
==============================================================================
Statement: MERGE (n:Thing {uuid: $uuid})
											set n=$allprops
											set n :,
Paremeters: {
  "allprops": {
    "authority": "",
    "authorityValue": "",
    "uuid": ""
  },
  "uuid": ""
}
==============================================================================
Statement: MATCH (t:Thing {uuid:$uuid}), (c:Thing {prefUUID:$prefUUID})
						MERGE (t)-[:EQUIVALENT_TO]->(c),
Paremeters: {
  "prefUUID": "",
  "uuid": ""
}