Statement: MERGE (n:Thing {prefUUID: $prefUUID})
								set n=$allprops
								set n :Section:Classification:Concept:Thing,
Paremeters: {
  "allprops": {
    "aggregateHash": "",
    "prefLabel": "Pref Label",
    "prefUUID": "bbc4f575-edb3-4f51-92f0-5ce6c708d1ea"
  },
  "prefUUID": "bbc4f575-edb3-4f51-92f0-5ce6c708d1ea"
}
==============================================================================
Statement: MERGE (n:Thing {uuid: $uuid})
											set n=$allprops
											set n :Section:Classification:Concept:Thing,
Paremeters: {
  "allprops": {
    "authority": "Smartlogic",
    "authorityValue": "1234",
    "prefLabel": "Pref Label",
    "uuid": "bbc4f575-edb3-4f51-92f0-5ce6c708d1ea"
  },
  "uuid": "bbc4f575-edb3-4f51-92f0-5ce6c708d1ea"
}
==============================================================================
Statement: MATCH (t:Thing {uuid:$uuid}), (c:Thing {prefUUID:$prefUUID})
						MERGE (t)-[:EQUIVALENT_TO]->(c),
Paremeters: {
  "prefUUID": "bbc4f575-edb3-4f51-92f0-5ce6c708d1ea",
  "uuid": "bbc4f575-edb3-4f51-92f0-5ce6c708d1ea"
}
==============================================================================
Statement: 
		MATCH (concept:Concept {uuid: $uuid})
		MERGE (other:Thing {uuid: $id})
		MERGE (concept)-[:SUPERSEDED_BY]->(other)	
	,
Paremeters: {
  "id": "1a96ee7a-a4af-3a56-852c-60420b0b8da6",
  "uuid": "bbc4f575-edb3-4f51-92f0-5ce6c708d1ea"
}
==============================================================================
Statement: 
		MATCH (concept:Concept {uuid: $uuid})
		MERGE (other:Thing {uuid: $id})
		MERGE (concept)-[:SUPERSEDED_BY]->(other)	
	,
Paremeters: {
  "id": "b5d7c6b5-db7d-4bce-9d6a-f62195571f92",
  "uuid": "bbc4f575-edb3-4f51-92f0-5ce6c708d1ea"
}