Statement: MERGE (n:Thing {prefUUID: $prefUUID})
								set n=$allprops
								set n :Membership:Concept:Thing,
Paremeters: {
  "allprops": {
    "aggregateHash": "",
    "birthYear": 2018,
    "inceptionDate": "2016-01-01",
    "prefLabel": "Membership Pref Label",
    "prefUUID": "cbadd9a7-5da9-407a-a5ec-e379460991f2",
    "salutation": "Mr",
    "terminationDate": "2017-02-02"
  },
  "prefUUID": "cbadd9a7-5da9-407a-a5ec-e379460991f2"
}
==============================================================================
Statement: MERGE (n:Thing {uuid: $uuid})
											set n=$allprops
											set n :Membership:Concept:Thing,
Paremeters: {
  "allprops": {
    "authority": "Smartlogic",
    "authorityValue": "746464",
    "prefLabel": "Membership Pref Label",
    "uuid": "cbadd9a7-5da9-407a-a5ec-e379460991f2"
  },
  "uuid": "cbadd9a7-5da9-407a-a5ec-e379460991f2"
}
==============================================================================
Statement: MATCH (t:Thing {uuid:$uuid}), (c:Thing {prefUUID:$prefUUID})
						MERGE (t)-[:EQUIVALENT_TO]->(c),
Paremeters: {
  "prefUUID": "cbadd9a7-5da9-407a-a5ec-e379460991f2",
  "uuid": "cbadd9a7-5da9-407a-a5ec-e379460991f2"
}
==============================================================================
Statement: 
		MERGE (thing:Thing {uuid: $uuid})
		MERGE (other:Thing {uuid: $id})
		MERGE (thing)-[rel:HAS_MEMBER]->(other)
	,
Paremeters: {
  "id": "35946807-0205-4fc1-8516-bb1ae141659b",
  "uuid": "cbadd9a7-5da9-407a-a5ec-e379460991f2"
}
==============================================================================
Statement: 
		MERGE (thing:Thing {uuid: $uuid})
		MERGE (other:Thing {uuid: $id})
		MERGE (thing)-[rel:HAS_ORGANISATION]->(other)
	,
Paremeters: {
  "id": "7f40d291-b3cb-47c4-9bce-18413e9350cf",
  "uuid": "cbadd9a7-5da9-407a-a5ec-e379460991f2"
}
==============================================================================
Statement: 
		MERGE (thing:Thing {uuid: $uuid})
		MERGE (other:Thing {uuid: $id})
		MERGE (thing)-[rel:HAS_ROLE]->(other)
		SET rel=$relProps,
Paremeters: {
  "id": "f807193d-337b-412f-b32c-afa14b385819",
  "relProps": {
    "inceptionDate": "2016-01-01",
    "inceptionDateEpoch": 1451606400,
    "terminationDate": "2017-02-02",
    "terminationDateEpoch": 1485993600
  },
  "uuid": "cbadd9a7-5da9-407a-a5ec-e379460991f2"
}
==============================================================================
Statement: 
		MERGE (thing:Thing {uuid: $uuid})
		MERGE (other:Thing {uuid: $id})
		MERGE (thing)-[rel:HAS_ROLE]->(other)
		SET rel=$relProps,
Paremeters: {
  "id": "fe94adc6-ca44-438f-ad8f-0188d4a74987",
  "relProps": {
    "inceptionDate": "1968-01-01",
    "terminationDate": "1968-01-01"
  },
  "uuid": "cbadd9a7-5da9-407a-a5ec-e379460991f2"
}